 ------------------------------------------------------------------------------------------------------------------------------------------------------------------- 
| Snapshot                | WNS                  | TNS                  | Density (%) | Hotspot                   | Resource               | DRVs       | Layer-OPT |
|                         | HEPG (ns) | ALL (ns) | HEPG (ns) | ALL (ns) |             | Max (bins) | Total (bins) | Real (s) | Memory (MB) | Tran | Cap | M9        |
|-------------------------+-----------+----------+-----------+----------+-------------+------------+--------------+----------+-------------+------+-----+-----------|
| initial_summary         |           |   -1.215 |           |     -793 |        6.76 |            |              | 0:00:14  |        4188 |   43 |   0 |           |
| route_type_refinement   |           |          |           |          |             |            |              | 0:00:03  |        4205 |      |     |           |
| simplify_netlist        |           |          |           |          |             |            |              | 0:00:04  |        4230 |      |     |           |
| drv_fixing              |           |          |           |          |             |            |              | 0:00:03  |        4230 |      |     |           |
| drv_fixing_2            |    -1.046 |   -1.046 |      -796 |     -796 |        6.78 |            |              | 0:00:09  |        4261 |   41 |   0 |         2 |
| global_opt              |           |   -0.039 |           |       -1 |        6.87 |            |              | 0:00:48  |        4263 |      |     |         2 |
| area_reclaiming         |    -0.013 |   -0.013 |        -0 |       -0 |        6.70 |            |              | 0:00:45  |        4267 |      |     |         2 |
| incremental_replacement |    -0.302 |   -0.302 |           |      -53 |             |       0.00 |         0.00 | 0:02:43  |        4280 |      |     |           |
| drv_fixing_3            |    -0.298 |   -0.298 |       -49 |      -49 |        6.73 |            |              | 0:00:09  |        4162 |    0 |   0 |         2 |
| tns_fixing              |     0.001 |    0.001 |         0 |        0 |        6.75 |            |              | 0:00:20  |        4187 |      |     |         2 |
| area_reclaiming_2       |    -0.004 |   -0.004 |        -0 |       -0 |        6.69 |            |              | 0:00:51  |        4258 |      |     |         2 |
| area_reclaiming_3       |    -0.014 |   -0.014 |        -0 |       -0 |        6.63 |            |              | 0:00:26  |        4164 |      |     |         2 |
| drv_eco_fixing          |    -0.014 |   -0.014 |        -0 |       -0 |        6.63 |            |              | 0:00:04  |        4162 |   34 |   0 |         2 |
| tns_eco_fixing          |     0.000 |    0.000 |         0 |        0 |        6.63 |            |              | 0:00:33  |        4173 |      |     |         2 |
| final_summary           |    -0.004 |   -0.004 |           |       -0 |        6.63 |            |              | 0:00:05  |        4154 |    0 |   0 |           |
 ------------------------------------------------------------------------------------------------------------------------------------------------------------------- 
