 ----------------------------------------------------------------------------------------------------------------------------------------------------------- 
| Snapshot        | WNS                  | TNS                  | Density (%) | Hotspot                   | Resource               | DRVs       | Layer-OPT |
|                 | HEPG (ns) | ALL (ns) | HEPG (ns) | ALL (ns) |             | Max (bins) | Total (bins) | Real (s) | Memory (MB) | Tran | Cap | M9        |
|-----------------+-----------+----------+-----------+----------+-------------+------------+--------------+----------+-------------+------+-----+-----------|
| initial_summary |    -1.013 |   -1.013 |           |     -793 |        6.72 |            |              | 0:00:26  |        3904 |    0 |   0 |           |
| hold_fixing     |    -1.012 |   -1.012 |      -791 |     -791 |        6.76 |            |              | 0:00:38  |        3895 |      |     |         2 |
| global_route    |           |          |           |          |             |            |              | 0:00:00  |        3893 |      |     |           |
| drv_eco_fixing  |    -1.012 |   -1.012 |      -791 |     -791 |        6.76 |            |              | 0:00:04  |        3899 |   34 |   0 |         2 |
| final_summary   |    -1.012 |   -1.012 |           |     -789 |        6.76 |       0.00 |         0.00 | 0:00:24  |        3886 |    0 |   0 |           |
 ----------------------------------------------------------------------------------------------------------------------------------------------------------- 
