 ------------------------------------------------------------------------------------------------------------------------------------------------------------------- 
| Snapshot                | WNS                  | TNS                  | Density (%) | Hotspot                   | Resource               | DRVs       | Layer-OPT |
|                         | HEPG (ns) | ALL (ns) | HEPG (ns) | ALL (ns) |             | Max (bins) | Total (bins) | Real (s) | Memory (MB) | Tran | Cap | M9        |
|-------------------------+-----------+----------+-----------+----------+-------------+------------+--------------+----------+-------------+------+-----+-----------|
| initial_summary         |           |  -11.052 |           |   -13243 |        4.21 |            |              | 0:00:14  |        3855 | 6973 |  62 |           |
| simplify_netlist        |           |          |           |          |             |            |              | 0:00:04  |        3897 |      |     |           |
| drv_fixing              |           |          |           |          |             |            |              | 0:00:03  |        3898 |      |     |           |
| drv_fixing_2            |    -5.197 |   -5.197 |     -5150 |    -5150 |        4.66 |            |              | 0:00:43  |        3945 |   38 |   0 |         3 |
| global_opt              |           |   -0.980 |           |     -263 |        4.96 |            |              | 0:02:01  |        3950 |      |     |         3 |
| area_reclaiming         |    -0.947 |   -0.947 |      -249 |     -249 |        4.87 |            |              | 0:00:40  |        3953 |      |     |         2 |
| incremental_replacement |    -1.024 |   -1.024 |           |     -302 |             |       0.00 |         0.00 | 0:03:05  |        4009 |      |     |           |
| drv_fixing_3            |    -0.995 |   -0.995 |      -283 |     -283 |        4.94 |            |              | 0:00:17  |        4015 |    0 |   0 |         1 |
| tns_fixing              |    -0.381 |   -0.381 |       -18 |      -18 |        5.02 |            |              | 0:00:59  |        4067 |      |     |         1 |
| wns_fixing              |     0.032 |    0.032 |         0 |        0 |        5.08 |            |              | 0:01:00  |        4056 |      |     |         1 |
| area_reclaiming_2       |    -0.003 |   -0.003 |        -0 |       -0 |        4.96 |            |              | 0:01:01  |        4076 |      |     |         1 |
| area_reclaiming_3       |    -0.004 |   -0.004 |        -0 |       -0 |        4.83 |            |              | 0:00:42  |        4052 |      |     |         1 |
| drv_eco_fixing          |    -0.009 |   -0.009 |        -0 |       -0 |        4.84 |            |              | 0:00:05  |        4028 |   34 |   0 |         1 |
| tns_eco_fixing          |     0.001 |    0.001 |         0 |        0 |        4.84 |            |              | 0:00:08  |        4049 |      |     |         1 |
| final_summary           |    -0.000 |   -0.000 |           |       -0 |        4.84 |            |              | 0:00:03  |        4008 |    0 |   0 |           |
 ------------------------------------------------------------------------------------------------------------------------------------------------------------------- 
