 ----------------------------------------------------------------------------------------------------------------------------------------------------------- 
| Snapshot        | WNS                  | TNS                  | Density (%) | Hotspot                   | Resource               | DRVs       | Layer-OPT |
|                 | HEPG (ns) | ALL (ns) | HEPG (ns) | ALL (ns) |             | Max (bins) | Total (bins) | Real (s) | Memory (MB) | Tran | Cap | M9        |
|-----------------+-----------+----------+-----------+----------+-------------+------------+--------------+----------+-------------+------+-----+-----------|
| initial_summary |           |   -0.004 |           |       -0 |        6.63 |            |              | 0:00:05  |        4156 |    0 |   0 |           |
| drv_fixing      |    -0.047 |   -0.047 |        -2 |       -2 |        6.64 |            |              | 0:00:34  |        4169 |    0 |   0 |         2 |
| final_summary   |    -0.047 |   -0.047 |           |       -2 |        6.64 |       0.00 |         0.00 | 0:00:10  |        4172 |    0 |   0 |           |
 ----------------------------------------------------------------------------------------------------------------------------------------------------------- 
