 ------------------------------------------------------------------------------------------------------------------------------------------------------------------- 
| Snapshot                | WNS                  | TNS                  | Density (%) | Hotspot                   | Resource               | DRVs       | Layer-OPT |
|                         | HEPG (ns) | ALL (ns) | HEPG (ns) | ALL (ns) |             | Max (bins) | Total (bins) | Real (s) | Memory (MB) | Tran | Cap | M9        |
|-------------------------+-----------+----------+-----------+----------+-------------+------------+--------------+----------+-------------+------+-----+-----------|
| initial_summary         |           |  -12.624 |           |   -15860 |        3.31 |            |              | 0:00:59  |        1351 | 7914 |  65 |           |
| simplify_netlist        |           |          |           |          |             |            |              | 0:00:12  |        1377 |      |     |           |
| drv_fixing              |           |          |           |          |             |            |              | 0:00:04  |        1382 |      |     |           |
| drv_fixing_2            |    -5.701 |   -5.701 |     -6346 |    -6346 |        3.72 |            |              | 0:01:41  |        1329 |   36 |   0 |           |
| global_opt              |           |   -1.218 |           |     -534 |        4.01 |            |              | 0:03:11  |        1327 |      |     |         3 |
| area_reclaiming         |    -1.190 |   -1.190 |      -470 |     -470 |        3.94 |            |              | 0:00:50  |        1333 |      |     |         3 |
| incremental_replacement |    -1.103 |   -1.103 |           |     -257 |             |       0.00 |         0.00 | 0:04:59  |        1515 |      |     |           |
| drv_fixing_3            |    -1.079 |   -1.079 |      -252 |     -252 |        3.98 |            |              | 0:00:13  |        1540 |    0 |   0 |         3 |
| tns_fixing              |    -0.331 |   -0.331 |       -13 |      -13 |        4.04 |            |              | 0:01:10  |        1623 |      |     |         3 |
| wns_fixing              |     0.032 |    0.032 |         0 |        0 |        4.08 |            |              | 0:01:17  |        1621 |      |     |         3 |
| area_reclaiming_2       |    -0.003 |   -0.003 |        -0 |       -0 |        3.96 |            |              | 0:01:09  |        1648 |      |     |         3 |
| area_reclaiming_3       |    -0.007 |   -0.007 |        -0 |       -0 |        3.83 |            |              | 0:00:49  |        1595 |      |     |         2 |
| drv_eco_fixing          |    -0.036 |   -0.036 |        -1 |       -1 |        3.84 |            |              | 0:00:05  |        1589 |   34 |   0 |         2 |
| tns_eco_fixing          |     0.000 |    0.000 |         0 |        0 |        3.84 |            |              | 0:00:07  |        1607 |      |     |         2 |
| final_summary           |    -0.001 |   -0.001 |           |       -0 |        3.84 |            |              | 0:00:04  |        1580 |    0 |   0 |           |
 ------------------------------------------------------------------------------------------------------------------------------------------------------------------- 
