 ------------------------------------------------------------------------------------------------------------------------------------ 
| Snapshot             | WNS                  | TNS                  | Density (%) | Resource               | DRVs       | Layer-OPT |
|                      | HEPG (ns) | ALL (ns) | HEPG (ns) | ALL (ns) |             | Real (s) | Memory (MB) | Tran | Cap | M9        |
|----------------------+-----------+----------+-----------+----------+-------------+----------+-------------+------+-----+-----------|
| initial_summary      |    -0.556 |   -0.556 |           |     -286 |        4.89 | 0:00:39  |        4056 |   15 |   0 |           |
| ccopt_pro            |           |          |           |          |             | 0:00:58  |        4445 |      |     |           |
| drv_eco_fixing       |    -0.556 |   -0.556 |      -286 |     -286 |        4.89 | 0:00:06  |        4102 |   34 |   0 |         1 |
| wns_fixing           |     0.000 |    0.000 |         0 |        0 |        5.06 | 0:01:25  |        4201 |      |     |         1 |
| initial_summary_2    |     0.000 |    0.000 |           |        0 |        5.06 | 0:00:32  |        4187 |    0 |   0 |           |
| hold_fixing          |     0.000 |    0.000 |         0 |        0 |        5.06 | 0:00:08  |        4165 |      |     |         1 |
| route_type_fixing    |           |          |           |          |             | 0:00:02  |        4165 |      |     |           |
| pre_route_summary    |     0.000 |    0.000 |           |        0 |        5.06 | 0:00:01  |        4165 |    0 |   0 |           |
| eco_route            |           |          |           |          |             | 0:03:53  |        4230 |      |     |           |
| post_route_summary   |    -0.549 |   -0.549 |           |     -190 |        5.06 | 0:00:22  |        4364 |   10 |   0 |           |
| tns_eco_fixing       |    -0.549 |   -0.549 |      -190 |     -190 |       85.63 | 0:00:16  |        4398 |      |     |         1 |
| drv_eco_fixing_2     |    -0.549 |   -0.549 |      -190 |     -190 |       85.63 | 0:00:05  |        4373 |   44 |   0 |         1 |
| drv_eco_fixing_3     |    -0.549 |   -0.549 |      -187 |     -187 |        5.06 | 0:00:03  |        4376 |   38 |   0 |         1 |
| wns_eco_fixing       |    -0.377 |   -0.377 |      -106 |     -106 |        5.06 | 0:00:11  |        4414 |      |     |         1 |
| harden_opt_fixing    |           |          |           |          |             | 0:00:14  |        4386 |      |     |         1 |
| tns_eco_fixing_2     |    -0.378 |   -0.378 |       -71 |      -71 |        5.08 | 0:00:30  |        4432 |      |     |         1 |
| initial_summary_3    |    -0.378 |   -0.378 |           |      -71 |             | 0:00:24  |        4489 |      |     |           |
| route_type_fixing_2  |           |          |           |          |             | 0:00:03  |        4497 |      |     |           |
| pre_route_summary_2  |    -0.378 |   -0.378 |           |      -71 |        5.08 | 0:00:01  |        4496 |    4 |   0 |           |
| eco_route_2          |           |          |           |          |             | 0:01:15  |        4378 |      |     |           |
| post_route_summary_2 |    -0.401 |   -0.401 |           |      -89 |        5.08 | 0:00:02  |        4441 |    6 |   0 |           |
| tns_eco_fixing_3     |    -0.401 |   -0.401 |       -89 |      -89 |       85.63 | 0:00:10  |        4472 |      |     |         1 |
| initial_summary_4    |    -0.401 |   -0.401 |           |      -89 |        5.08 | 0:00:30  |        4565 |    6 |   0 |           |
| hold_fixing_2        |           |          |           |          |             | 0:00:02  |        4564 |      |     |           |
| final_summary        |    -0.401 |   -0.401 |           |      -89 |        5.08 | 0:00:24  |        4553 |    6 |   0 |           |
 ------------------------------------------------------------------------------------------------------------------------------------ 
