 ------------------------------------------------------------------------------------------------------------------------------------------------------------------- 
| Snapshot                | WNS                  | TNS                  | Density (%) | Hotspot                   | Resource               | DRVs       | Layer-OPT |
|                         | HEPG (ns) | ALL (ns) | HEPG (ns) | ALL (ns) |             | Max (bins) | Total (bins) | Real (s) | Memory (MB) | Tran | Cap | M9        |
|-------------------------+-----------+----------+-----------+----------+-------------+------------+--------------+----------+-------------+------+-----+-----------|
| initial_summary         |           |  -10.252 |           |   -11748 |        4.21 |            |              | 0:00:13  |        3825 | 6973 |  62 |           |
| simplify_netlist        |           |          |           |          |             |            |              | 0:00:04  |        3867 |      |     |           |
| drv_fixing              |           |          |           |          |             |            |              | 0:00:03  |        3867 |      |     |           |
| drv_fixing_2            |    -4.397 |   -4.397 |     -3901 |    -3901 |        4.66 |            |              | 0:00:44  |        3915 |   38 |   0 |         3 |
| global_opt              |           |   -0.256 |           |       -9 |        4.82 |            |              | 0:01:14  |        3918 |      |     |         3 |
| area_reclaiming         |    -0.207 |   -0.207 |        -6 |       -6 |        4.69 |            |              | 0:00:46  |        3921 |      |     |         2 |
| incremental_replacement |    -0.532 |   -0.532 |           |      -97 |             |       0.00 |         0.00 | 0:02:38  |        3977 |      |     |           |
| drv_fixing_3            |    -0.447 |   -0.447 |       -54 |      -54 |        4.74 |            |              | 0:00:13  |        3980 |    0 |   0 |         1 |
| tns_fixing              |     0.000 |    0.000 |         0 |        0 |        4.75 |            |              | 0:00:15  |        4011 |      |     |         1 |
| area_reclaiming_2       |    -0.000 |   -0.000 |        -0 |       -0 |        4.68 |            |              | 0:00:53  |        4023 |      |     |         1 |
| area_reclaiming_3       |    -0.000 |   -0.000 |        -0 |       -0 |        4.61 |            |              | 0:00:29  |        3978 |      |     |         1 |
| drv_eco_fixing          |    -0.007 |   -0.007 |        -0 |       -0 |        4.62 |            |              | 0:00:05  |        3980 |   34 |   0 |         1 |
| tns_eco_fixing          |     0.000 |    0.000 |         0 |        0 |        4.62 |            |              | 0:00:32  |        3993 |      |     |         1 |
| final_summary           |    -0.005 |   -0.005 |           |       -0 |        4.62 |            |              | 0:00:03  |        3963 |    0 |   0 |           |
 ------------------------------------------------------------------------------------------------------------------------------------------------------------------- 
