 ----------------------------------------------------------------------------------------------------------------------------------------------------------- 
| Snapshot        | WNS                  | TNS                  | Density (%) | Hotspot                   | Resource               | DRVs       | Layer-OPT |
|                 | HEPG (ns) | ALL (ns) | HEPG (ns) | ALL (ns) |             | Max (bins) | Total (bins) | Real (s) | Memory (MB) | Tran | Cap | M9        |
|-----------------+-----------+----------+-----------+----------+-------------+------------+--------------+----------+-------------+------+-----+-----------|
| initial_summary |    -0.049 |   -0.049 |           |       -2 |        4.65 |            |              | 0:00:26  |        4070 |    0 |   0 |           |
| hold_fixing     |    -0.049 |   -0.049 |        -2 |       -2 |        4.67 |            |              | 0:00:29  |        4079 |      |     |         1 |
| global_route    |           |          |           |          |             |            |              | 0:00:00  |        4073 |      |     |           |
| final_summary   |    -0.049 |   -0.049 |           |       -2 |        4.67 |       0.00 |         0.00 | 0:00:26  |        4053 |    5 |   0 |           |
 ----------------------------------------------------------------------------------------------------------------------------------------------------------- 
