 ------------------------------------------------------------------------------------------------------------------------------------ 
| Snapshot             | WNS                  | TNS                  | Density (%) | Resource               | DRVs       | Layer-OPT |
|                      | HEPG (ns) | ALL (ns) | HEPG (ns) | ALL (ns) |             | Real (s) | Memory (MB) | Tran | Cap | M9        |
|----------------------+-----------+----------+-----------+----------+-------------+----------+-------------+------+-----+-----------|
| initial_summary      |    -0.426 |   -0.426 |           |     -102 |        5.08 | 0:00:39  |        4853 |    7 |   0 |           |
| ccopt_pro            |           |          |           |          |             | 0:00:23  |        5089 |      |     |           |
| drv_eco_fixing       |    -0.431 |   -0.431 |      -104 |     -104 |        5.08 | 0:00:08  |        4727 |   34 |   0 |         1 |
| wns_fixing           |     0.000 |    0.000 |         0 |        0 |        5.20 | 0:01:19  |        4823 |      |     |         1 |
| route_type_fixing    |           |          |           |          |             | 0:00:02  |        4743 |      |     |           |
| pre_route_summary    |     0.000 |    0.000 |           |        0 |        5.20 | 0:00:01  |        4742 |    0 |   0 |           |
| eco_route            |           |          |           |          |             | 0:08:53  |        4682 |      |     |           |
| post_route_summary   |    -0.254 |   -0.254 |           |      -43 |        5.20 | 0:00:23  |        4784 |    9 |   0 |           |
| tns_eco_fixing       |    -0.254 |   -0.254 |       -43 |      -43 |      100.00 | 0:00:12  |        4819 |      |     |         1 |
| wns_eco_fixing       |    -0.035 |   -0.035 |        -1 |       -1 |        5.22 | 0:00:31  |        4847 |      |     |         1 |
| harden_opt_fixing    |           |          |           |          |             | 0:00:38  |        4813 |      |     |         1 |
| route_type_fixing_2  |           |          |           |          |             | 0:00:01  |        4810 |      |     |           |
| pre_route_summary_2  |    -0.038 |   -0.038 |           |       -1 |        5.26 | 0:00:01  |        4811 |    7 |   0 |           |
| eco_route_2          |           |          |           |          |             | 0:10:55  |        4664 |      |     |           |
| post_route_summary_2 |    -0.130 |   -0.130 |           |       -7 |        5.26 | 0:00:02  |        4819 |   10 |   0 |           |
| tns_eco_fixing_2     |    -0.130 |   -0.130 |        -7 |       -7 |      100.00 | 0:00:11  |        4854 |      |     |         1 |
| final_summary        |    -0.130 |   -0.130 |           |       -7 |        5.26 | 0:00:05  |        4832 |   10 |   0 |           |
 ------------------------------------------------------------------------------------------------------------------------------------ 
