 ----------------------------------------------------------------------------------------------------------------------------------------------------------- 
| Snapshot        | WNS                  | TNS                  | Density (%) | Hotspot                   | Resource               | DRVs       | Layer-OPT |
|                 | HEPG (ns) | ALL (ns) | HEPG (ns) | ALL (ns) |             | Max (bins) | Total (bins) | Real (s) | Memory (MB) | Tran | Cap | M9        |
|-----------------+-----------+----------+-----------+----------+-------------+------------+--------------+----------+-------------+------+-----+-----------|
| initial_summary |           |   -0.002 |           |       -0 |        6.68 |            |              | 0:00:05  |        3784 |    0 |   0 |           |
| drv_fixing      |    -1.011 |   -1.011 |      -786 |     -786 |        6.72 |            |              | 0:00:38  |        3801 |    0 |   0 |         2 |
| final_summary   |    -1.011 |   -1.011 |           |     -786 |        6.72 |       0.00 |         0.00 | 0:00:09  |        3803 |    0 |   0 |           |
 ----------------------------------------------------------------------------------------------------------------------------------------------------------- 
