 ------------------------------------------------------------------------------------------------------------------------------------------------------------- 
| Snapshot          | WNS                  | TNS                  | Density (%) | Hotspot                   | Resource               | DRVs       | Layer-OPT |
|                   | HEPG (ns) | ALL (ns) | HEPG (ns) | ALL (ns) |             | Max (bins) | Total (bins) | Real (s) | Memory (MB) | Tran | Cap | M9        |
|-------------------+-----------+----------+-----------+----------+-------------+------------+--------------+----------+-------------+------+-----+-----------|
| initial_summary   |    -0.032 |   -0.032 |           |       -1 |        4.86 |            |              | 0:00:25  |        4094 |    0 |   0 |           |
| hold_fixing       |    -0.031 |   -0.031 |        -1 |       -1 |        4.88 |            |              | 0:00:28  |        4106 |      |     |         1 |
| global_route      |           |          |           |          |             |            |              | 0:00:00  |        4098 |      |     |           |
| wns_eco_fixing    |    -0.005 |   -0.005 |        -0 |       -0 |        4.89 |            |              | 0:00:18  |        4175 |      |     |         1 |
| initial_summary_2 |    -0.005 |   -0.005 |           |       -0 |             |            |              | 0:00:13  |        4144 |      |     |           |
| final_summary     |    -0.005 |   -0.005 |           |       -0 |        4.89 |       0.00 |         0.00 | 0:00:25  |        4092 |    3 |   0 |           |
 ------------------------------------------------------------------------------------------------------------------------------------------------------------- 
