 ------------------------------------------------------------------------------------------------------------------------------------ 
| Snapshot             | WNS                  | TNS                  | Density (%) | Resource               | DRVs       | Layer-OPT |
|                      | HEPG (ns) | ALL (ns) | HEPG (ns) | ALL (ns) |             | Real (s) | Memory (MB) | Tran | Cap | M9        |
|----------------------+-----------+----------+-----------+----------+-------------+----------+-------------+------+-----+-----------|
| initial_summary      |    -0.556 |   -0.556 |           |     -286 |        4.89 | 0:00:39  |        4396 |   15 |   0 |           |
| ccopt_pro            |           |          |           |          |             | 0:00:58  |        4768 |      |     |           |
| drv_eco_fixing       |    -0.556 |   -0.556 |      -286 |     -286 |        4.89 | 0:00:06  |        4448 |   34 |   0 |         1 |
| wns_fixing           |     0.000 |    0.000 |         0 |        0 |        5.06 | 0:01:26  |        4557 |      |     |         1 |
| initial_summary_2    |     0.000 |    0.000 |           |        0 |        5.06 | 0:00:30  |        4536 |    0 |   0 |           |
| hold_fixing          |     0.000 |    0.000 |         0 |        0 |        5.06 | 0:00:08  |        4514 |      |     |         1 |
| route_type_fixing    |           |          |           |          |             | 0:00:01  |        4513 |      |     |           |
| pre_route_summary    |     0.000 |    0.000 |           |        0 |        5.06 | 0:00:01  |        4514 |    0 |   0 |           |
| eco_route            |           |          |           |          |             | 0:03:55  |        4574 |      |     |           |
| post_route_summary   |    -0.549 |   -0.549 |           |     -190 |        5.06 | 0:00:22  |        4709 |   10 |   0 |           |
| tns_eco_fixing       |    -0.549 |   -0.549 |      -190 |     -190 |       85.63 | 0:00:17  |        4743 |      |     |         1 |
| drv_eco_fixing_2     |    -0.549 |   -0.549 |      -190 |     -190 |       85.63 | 0:00:06  |        4721 |   44 |   0 |         1 |
| drv_eco_fixing_3     |    -0.549 |   -0.549 |      -187 |     -187 |        5.06 | 0:00:04  |        4725 |   38 |   0 |         1 |
| wns_eco_fixing       |    -0.377 |   -0.377 |      -106 |     -106 |        5.06 | 0:00:11  |        4762 |      |     |         1 |
| harden_opt_fixing    |           |          |           |          |             | 0:00:14  |        4734 |      |     |         1 |
| tns_eco_fixing_2     |    -0.378 |   -0.378 |       -71 |      -71 |        5.08 | 0:00:30  |        4781 |      |     |         1 |
| initial_summary_3    |    -0.378 |   -0.378 |           |      -71 |             | 0:00:24  |        4836 |      |     |           |
| route_type_fixing_2  |           |          |           |          |             | 0:00:02  |        4843 |      |     |           |
| pre_route_summary_2  |    -0.378 |   -0.378 |           |      -71 |        5.08 | 0:00:01  |        4842 |    4 |   0 |           |
| eco_route_2          |           |          |           |          |             | 0:01:15  |        4722 |      |     |           |
| post_route_summary_2 |    -0.401 |   -0.401 |           |      -89 |        5.08 | 0:00:02  |        4748 |    6 |   0 |           |
| tns_eco_fixing_3     |    -0.401 |   -0.401 |       -89 |      -89 |       85.63 | 0:00:09  |        4779 |      |     |         1 |
| initial_summary_4    |    -0.401 |   -0.401 |           |      -89 |        5.08 | 0:00:30  |        4868 |    6 |   0 |           |
| hold_fixing_2        |           |          |           |          |             | 0:00:01  |        4867 |      |     |           |
| final_summary        |    -0.401 |   -0.401 |           |      -89 |        5.08 | 0:00:24  |        4848 |    6 |   0 |           |
 ------------------------------------------------------------------------------------------------------------------------------------ 
